+ helm install rollback-demo ./07-install-upgrade/app-chart
NAME: rollback-demo
LAST DEPLOYED: Thu Oct  8 16:05:02 2026
NAMESPACE: default
STATUS: deployed
REVISION: 1
DESCRIPTION: Install complete
TEST SUITE: None
+ helm history rollback-demo
REVISION	UPDATED                 	STATUS  	CHART          	APP VERSION	DESCRIPTION     
1       	Thu Oct  8 16:05:02 2026	deployed	app-chart-0.1.0	1.0        	Install complete
+ helm status rollback-demo
NAME: rollback-demo
LAST DEPLOYED: Thu Oct  8 16:05:02 2026
NAMESPACE: default
STATUS: deployed
REVISION: 1
DESCRIPTION: Install complete
RESOURCES:
==> v1/Pod(related)
NAME                                 READY   STATUS    RESTARTS   AGE
rollback-demo-app-5666bb45b5-8bwtf   0/1     Pending   0          1s

==> v1/Deployment
NAME                READY   UP-TO-DATE   AVAILABLE   AGE
rollback-demo-app   0/1     0            0           1s


TEST SUITE: None
+ helm upgrade rollback-demo ./07-install-upgrade/app-chart --set replicaCount=2
Release "rollback-demo" has been upgraded. Happy Helming!
NAME: rollback-demo
LAST DEPLOYED: Thu Oct  8 16:05:05 2026
NAMESPACE: default
STATUS: deployed
REVISION: 2
DESCRIPTION: Upgrade complete
TEST SUITE: None
+ helm history rollback-demo
REVISION	UPDATED                 	STATUS    	CHART          	APP VERSION	DESCRIPTION     
1       	Thu Oct  8 16:05:02 2026	superseded	app-chart-0.1.0	1.0        	Install complete
2       	Thu Oct  8 16:05:05 2026	deployed  	app-chart-0.1.0	1.0        	Upgrade complete
+ helm status rollback-demo
NAME: rollback-demo
LAST DEPLOYED: Thu Oct  8 16:05:05 2026
NAMESPACE: default
STATUS: deployed
REVISION: 2
DESCRIPTION: Upgrade complete
RESOURCES:
==> v1/Deployment
NAME                READY   UP-TO-DATE   AVAILABLE   AGE
rollback-demo-app   0/2     1            0           5s

==> v1/Pod(related)
NAME                                 READY   STATUS              RESTARTS   AGE
rollback-demo-app-5666bb45b5-8bwtf   0/1     ContainerCreating   0          4s
rollback-demo-app-5666bb45b5-lqbf6   0/1     Pending             0          0s


TEST SUITE: None
+ helm upgrade rollback-demo ./07-install-upgrade/app-chart --set image.tag=doesnotexist
Release "rollback-demo" has been upgraded. Happy Helming!
NAME: rollback-demo
LAST DEPLOYED: Thu Oct  8 16:05:07 2026
NAMESPACE: default
STATUS: deployed
REVISION: 3
DESCRIPTION: Upgrade complete
TEST SUITE: None
+ sleep 5
+ kubectl get pods
NAME                                 READY   STATUS              RESTARTS        AGE
app-blue-5c69d7785c-2759w            1/1     Running             2 (3m14s ago)   19d
app-blue-5c69d7785c-nqkqd            1/1     Running             2 (3m14s ago)   19d
app-blue-5c69d7785c-pg9zw            1/1     Running             2 (3m14s ago)   19d
app-canary-5849994497-5l7j9          1/1     Running             2 (3m14s ago)   19d
app-canary-5849994497-6cv7n          1/1     Running             2 (3m14s ago)   19d
app-canary-5849994497-6s2x7          1/1     Running             2 (3m14s ago)   19d
app-canary-5849994497-89bjd          1/1     Running             2 (3m14s ago)   19d
app-canary-5849994497-9bx6n          1/1     Running             2 (3m14s ago)   19d
app-canary-5849994497-9nqbx          1/1     Running             2 (3m14s ago)   19d
app-canary-5849994497-bvcxz          1/1     Running             2 (3m14s ago)   19d
app-canary-5849994497-h28nz          1/1     Running             2 (3m14s ago)   19d
app-canary-5849994497-vgbxr          1/1     Running             2 (3m14s ago)   19d
app-canary-5849994497-z2k5t          1/1     Running             2 (3m14s ago)   19d
app-green-84df7f978-k5zlw            1/1     Running             2 (3m14s ago)   19d
app-green-84df7f978-st9mb            1/1     Running             2 (3m14s ago)   19d
app-green-84df7f978-vr42q            1/1     Running             2 (3m14s ago)   19d
app-recreate-7bd8d89b8b-6sjg9        1/1     Running             2 (3m14s ago)   19d
app-recreate-7bd8d89b8b-d4zs6        1/1     Running             2 (3m14s ago)   19d
app-recreate-7bd8d89b8b-p4kcv        1/1     Running             2 (3m14s ago)   19d
app-rolling-56bff6d88c-bvg4m         1/1     Running             2 (3m14s ago)   19d
app-rolling-56bff6d88c-hzz8p         1/1     Running             2 (3m14s ago)   19d
app-rolling-56bff6d88c-qflc9         1/1     Running             2 (3m14s ago)   19d
app-rolling-56bff6d88c-w8bv8         1/1     Running             2 (3m14s ago)   19d
curl-client                          1/1     Running             4 (3m14s ago)   19d
emptydir-demo                        1/1     Running             1 (3m14s ago)   19d
headless-dns-client                  1/1     Running             4 (3m14s ago)   19d
hostpath-demo                        1/1     Running             1 (3m14s ago)   19d
hpa-demo-5d6676989b-ggqnj            1/1     Running             1 (3m14s ago)   19d
rollback-demo-app-5666bb45b5-8bwtf   0/1     ContainerCreating   0               10s
rollback-demo-app-5666bb45b5-lqbf6   0/1     Terminating         0               6s
rollback-demo-app-6d599696f7-zrxg7   0/1     ContainerCreating   0               5s
storage-demo                         1/1     Running             1 (3m14s ago)   19d
web-app-clusterip-66865d4855-cwdcg   1/1     Running             2 (3m14s ago)   19d
web-app-clusterip-66865d4855-g68lh   1/1     Running             2 (3m14s ago)   19d
web-app-clusterip-66865d4855-klg5d   1/1     Running             2 (3m14s ago)   19d
web-stateful-0                       1/1     Running             2 (3m14s ago)   19d
web-stateful-1                       1/1     Running             2 (3m14s ago)   19d
web-stateful-2                       1/1     Running             2 (3m14s ago)   19d
yatri-backend-6c58cb99c7-cndk4       1/1     Running             2 (3m14s ago)   19d
yatri-backend-6c58cb99c7-tc5sn       1/1     Running             2 (3m14s ago)   19d
yatri-frontend-ddcfc4b5f-2pplw       1/1     Running             2 (3m14s ago)   19d
yatri-frontend-ddcfc4b5f-trpq7       1/1     Running             2 (3m14s ago)   19d
+ helm history rollback-demo
REVISION	UPDATED                 	STATUS    	CHART          	APP VERSION	DESCRIPTION     
1       	Thu Oct  8 16:05:02 2026	superseded	app-chart-0.1.0	1.0        	Install complete
2       	Thu Oct  8 16:05:05 2026	superseded	app-chart-0.1.0	1.0        	Upgrade complete
3       	Thu Oct  8 16:05:07 2026	deployed  	app-chart-0.1.0	1.0        	Upgrade complete
+ helm status rollback-demo
NAME: rollback-demo
LAST DEPLOYED: Thu Oct  8 16:05:07 2026
NAMESPACE: default
STATUS: deployed
REVISION: 3
DESCRIPTION: Upgrade complete
RESOURCES:
==> v1/Pod(related)
NAME                                 READY   STATUS              RESTARTS   AGE
rollback-demo-app-5666bb45b5-8bwtf   0/1     ContainerCreating   0          11s
rollback-demo-app-5666bb45b5-lqbf6   0/1     Terminating         0          7s
rollback-demo-app-6d599696f7-zrxg7   0/1     ContainerCreating   0          6s

==> v1/Deployment
NAME                READY   UP-TO-DATE   AVAILABLE   AGE
rollback-demo-app   0/1     1            0           12s


TEST SUITE: None
+ helm rollback rollback-demo 2
Rollback was a success! Happy Helming!
+ sleep 5
+ kubectl get pods
NAME                                 READY   STATUS              RESTARTS        AGE
app-blue-5c69d7785c-2759w            1/1     Running             2 (3m21s ago)   19d
app-blue-5c69d7785c-nqkqd            1/1     Running             2 (3m21s ago)   19d
app-blue-5c69d7785c-pg9zw            1/1     Running             2 (3m21s ago)   19d
app-canary-5849994497-5l7j9          1/1     Running             2 (3m21s ago)   19d
app-canary-5849994497-6cv7n          1/1     Running             2 (3m21s ago)   19d
app-canary-5849994497-6s2x7          1/1     Running             2 (3m21s ago)   19d
app-canary-5849994497-89bjd          1/1     Running             2 (3m21s ago)   19d
app-canary-5849994497-9bx6n          1/1     Running             2 (3m21s ago)   19d
app-canary-5849994497-9nqbx          1/1     Running             2 (3m21s ago)   19d
app-canary-5849994497-bvcxz          1/1     Running             2 (3m21s ago)   19d
app-canary-5849994497-h28nz          1/1     Running             2 (3m21s ago)   19d
app-canary-5849994497-vgbxr          1/1     Running             2 (3m21s ago)   19d
app-canary-5849994497-z2k5t          1/1     Running             2 (3m21s ago)   19d
app-green-84df7f978-k5zlw            1/1     Running             2 (3m21s ago)   19d
app-green-84df7f978-st9mb            1/1     Running             2 (3m21s ago)   19d
app-green-84df7f978-vr42q            1/1     Running             2 (3m21s ago)   19d
app-recreate-7bd8d89b8b-6sjg9        1/1     Running             2 (3m21s ago)   19d
app-recreate-7bd8d89b8b-d4zs6        1/1     Running             2 (3m21s ago)   19d
app-recreate-7bd8d89b8b-p4kcv        1/1     Running             2 (3m21s ago)   19d
app-rolling-56bff6d88c-bvg4m         1/1     Running             2 (3m21s ago)   19d
app-rolling-56bff6d88c-hzz8p         1/1     Running             2 (3m21s ago)   19d
app-rolling-56bff6d88c-qflc9         1/1     Running             2 (3m21s ago)   19d
app-rolling-56bff6d88c-w8bv8         1/1     Running             2 (3m21s ago)   19d
curl-client                          1/1     Running             4 (3m21s ago)   19d
emptydir-demo                        1/1     Running             1 (3m21s ago)   19d
headless-dns-client                  1/1     Running             4 (3m21s ago)   19d
hostpath-demo                        1/1     Running             1 (3m21s ago)   19d
hpa-demo-5d6676989b-ggqnj            1/1     Running             1 (3m21s ago)   19d
rollback-demo-app-5666bb45b5-8bwtf   0/1     ContainerCreating   0               17s
rollback-demo-app-5666bb45b5-lqbf6   0/1     Terminating         0               13s
rollback-demo-app-6d599696f7-v7mqp   0/1     ContainerCreating   0               5s
rollback-demo-app-6d599696f7-zrxg7   0/1     ContainerCreating   0               12s
storage-demo                         1/1     Running             1 (3m21s ago)   19d
web-app-clusterip-66865d4855-cwdcg   1/1     Running             2 (3m21s ago)   19d
web-app-clusterip-66865d4855-g68lh   1/1     Running             2 (3m21s ago)   19d
web-app-clusterip-66865d4855-klg5d   1/1     Running             2 (3m21s ago)   19d
web-stateful-0                       1/1     Running             2 (3m21s ago)   19d
web-stateful-1                       1/1     Running             2 (3m21s ago)   19d
web-stateful-2                       1/1     Running             2 (3m21s ago)   19d
yatri-backend-6c58cb99c7-cndk4       1/1     Running             2 (3m21s ago)   19d
yatri-backend-6c58cb99c7-tc5sn       1/1     Running             2 (3m21s ago)   19d
yatri-frontend-ddcfc4b5f-2pplw       1/1     Running             2 (3m21s ago)   19d
yatri-frontend-ddcfc4b5f-trpq7       1/1     Running             2 (3m21s ago)   19d
+ helm history rollback-demo
REVISION	UPDATED                 	STATUS    	CHART          	APP VERSION	DESCRIPTION     
1       	Thu Oct  8 16:05:02 2026	superseded	app-chart-0.1.0	1.0        	Install complete
2       	Thu Oct  8 16:05:05 2026	superseded	app-chart-0.1.0	1.0        	Upgrade complete
3       	Thu Oct  8 16:05:07 2026	superseded	app-chart-0.1.0	1.0        	Upgrade complete
4       	Thu Oct  8 16:05:14 2026	deployed  	app-chart-0.1.0	1.0        	Rollback to 2   
+ helm status rollback-demo
NAME: rollback-demo
LAST DEPLOYED: Thu Oct  8 16:05:14 2026
NAMESPACE: default
STATUS: deployed
REVISION: 4
DESCRIPTION: Rollback to 2
RESOURCES:
==> v1/Pod(related)
NAME                                 READY   STATUS              RESTARTS   AGE
rollback-demo-app-5666bb45b5-8bwtf   0/1     ContainerCreating   0          18s
rollback-demo-app-5666bb45b5-lqbf6   0/1     Terminating         0          14s
rollback-demo-app-6d599696f7-v7mqp   0/1     ContainerCreating   0          6s
rollback-demo-app-6d599696f7-zrxg7   0/1     ContainerCreating   0          13s

==> v1/Deployment
NAME                READY   UP-TO-DATE   AVAILABLE   AGE
rollback-demo-app   0/2     1            0           19s


TEST SUITE: None
+ helm uninstall rollback-demo
release "rollback-demo" uninstalled
